---
source: cli/tests/manpage.rs
expression: "first_lines.join(\"\\n\")"
---
.TH MISE 1
.SH NAME
mise \- Dev tools, env vars, and tasks in one CLI
.SH SYNOPSIS
\fBmise\fR [OPTIONS] [<TASK>] [<TASK_ARGS>] ... [<TASK_ARGS_LAST>] ... [COMMAND]
.SH DESCRIPTION
mise prepares your development environment before each command runs. https://github.com/jdx/mise
.PP
.SH OPTIONS
.TP
\fB\-c, \-\-continue\-on\-error\fR
Continue running tasks even if one fails
.TP
\fB\-C, \-\-cd\fR \fI<DIR>\fR
Change directory before running command
.TP
\fB\-E, \-\-env\fR \fI<ENV>\fR
Set the environment for loading `mise.<ENV>.toml`
.TP
\fB\-f, \-\-force\fR
Force the operation
.TP
\fB\-j, \-\-jobs\fR \fI<JOBS>\fR
How many jobs to run in parallel; values below 1 are treated as 1 [default: 8]
.RS
\fIEnvironment: \fR\fBMISE_JOBS\fR
.RE
.TP
\fB\-n, \-\-dry\-run\fR
Dry run, don't actually do anything
.TP
\fB\-P, \-\-profile\fR \fI<PROFILE>\fR
Set the profile (environment)
.TP
\fB\-q, \-\-quiet\fR
Suppress non\-error messages
.TP
\fB\-s, \-\-shell\fR \fI<SHELL>\fR
.TP
\fB\-t, \-\-tool\fR \fI<TOOL@VERSION>\fR
Tool(s) to run in addition to what is in mise.toml files
e.g.: node@20 python@3.10
.RS
\fIEnvironment: \fR\fBMISE_QUIET\fR
.RE
.TP
\fB\-v, \-\-verbose\fR
Show extra output (use \-vv for even more)
.TP
\fB\-V, \-\-version\fR
