---
source: cli/tests/manpage.rs
expression: "first_lines.join(\"\\n\")"
---
.TH MISE 1
.SH NAME
mise \- The front\-end to your dev env
.SH SYNOPSIS
\fBmise\fR [OPTIONS] [TASK] [COMMAND]
.SH DESCRIPTION
mise is a tool for managing runtime versions. https://github.com/jdx/mise
.PP
It's a replacement for tools like nvm, nodenv, rbenv, rvm, chruby, pyenv, etc.
that works for any language. It's also great for managing linters/tools like
jq and shellcheck.
.PP
It is inspired by asdf and uses asdf's plugin ecosystem under the hood:
https://asdf\-vm.com/
.PP
.SH OPTIONS
.TP
\fB\-C, \-\-cd\fR \fI<DIR>\fR
Change directory before running command
.TP
\fB\-E, \-\-env\fR \fI<ENV>\fR
Set the environment for loading `mise.<ENV>.toml`
.TP
\fB\-j, \-\-jobs\fR \fI<JOBS>\fR
How many jobs to run in parallel [default: 8]
.TP
\fB\-\-output\fR \fI<OUTPUT>\fR
.TP
\fB\-\-raw\fR
Read/write directly to stdin/stdout/stderr instead of by line
.TP
\fB\-\-no\-config\fR
Do not load any config files

Can also use `MISE_NO_CONFIG=1`
.TP
\fB\-y, \-\-yes\fR
Answer yes to all confirmation prompts
.TP
\fB\-q, \-\-quiet\fR
Suppress non\-error messages
.TP
\fB\-\-silent\fR
Suppress all task output and mise non\-error messages
.TP
\fB\-v, \-\-verbose\fR
Show extra output (use \-vv for even more)
.SH ARGUMENTS
.TP
\fB<TASK>\fR
