---
source: conformance/tests/nesting.rs
expression: "Ex::to_kdl()"
---
name "ex"
bin "ex"
about "A tool with commands inside commands"
flag "-v --verbose" help="Say more" global=#true
cmd "settings" help="Manage settings" {
    flag "--file" help="Which settings file" {
        arg "<file>"
    }
    cmd "set" help="Set a value" {
        arg "<key>" help="Which setting"
        arg "<value>" help="The value"
    }
    cmd "ls" help="Show every value" {
        flag "--json" help="As JSON"
    }
}
cmd "install" help="Install a tool" {
    arg "<tool>" help="What to install"
}
