---
source: lib/src/complete/bash.rs
expression: "complete_bash(&CompleteOptions\n{\n    shell: \"bash\".to_string(), bin: \"mycli\".to_string(), cache_key: None,\n    spec: None, usage_cmd: Some(\"mycli complete --usage\".to_string()),\n})"
snapshot_kind: text
---
_mycli() {
    if ! command -v usage &> /dev/null; then
        echo >&2
        echo "Error: usage CLI not found. This is required for completions to work in mycli." >&2
        echo "See https://usage.jdx.dev for more information." >&2
        return 1
    fi

    if [[ -z ${_usage_spec_mycli:-} ]]; then
        _usage_spec_mycli="$(mycli complete --usage)"
    fi

    # shellcheck disable=SC2207
    COMPREPLY=( $(usage complete-word --shell bash -s "${_usage_spec_mycli}" --cword="$COMP_CWORD" -- "${COMP_WORDS[@]}" ) )
    # shellcheck disable=SC2181
    if [[ $? -ne 0 ]]; then
        unset COMPREPLY
    fi
    return 0
}

shopt -u hostcomplete && complete -o nospace -o bashdefault -o nosort -F _mycli mycli
# vim: noet ci pi sts=0 sw=4 ts=4 ft=sh
