---
source: lib/src/complete/fish.rs
expression: "complete_fish(&CompleteOptions\n{\n    shell: \"fish\".to_string(), bin: \"mycli\".to_string(), cache_key: None,\n    spec: Some(SPEC_KITCHEN_SINK.clone()), usage_cmd: None,\n})"
snapshot_kind: text
---
# if "usage" is not installed show an error
if ! command -v usage &> /dev/null
    echo >&2
    echo "Error: usage CLI not found. This is required for completions to work in mycli." >&2
    echo "See https://usage.jdx.dev for more information." >&2
    return 1
end

set _usage_spec_mycli 'name "mycli"
bin "mycli"
source_code_link_template "https://github.com/jdx/mise/blob/main/src/cli/{{path}}.rs"
flag "--flag1" help="flag1 description"
flag "--flag2" help="flag2 description" {
    long_help "flag2 long description"
}
flag "--flag3" help="flag3 description" negate="--no-flag3"
flag "--shell" {
    arg "<shell>" {
        choices "bash" "zsh" "fish"
    }
}
arg "<arg1>" help="arg1 description"
arg "<arg2>" help="arg2 description" default="default value" {
    choices "choice1" "choice2" "choice3"
}
arg "<arg3>" help="arg3 description" help_long="arg3 long description"
arg "<argrest>..." var=true
cmd "plugin" {
    cmd "install" {
        flag "-g --global"
        flag "-d --dir" {
            arg "<dir>"
        }
        flag "-f --force" negate="--no-force"
        arg "<plugin>"
        arg "<version>"
    }
}
'
complete -xc mycli -a '(usage complete-word --shell fish -s "$_usage_spec_mycli" -- (commandline -cop) (commandline -t))'
