---
source: lib/src/docs/markdown/mod.rs
expression: spec.render_markdown().unwrap()
---
# `mycli`

## Arg `<arg1>`

(required) arg1 description

## Arg `<arg2>`

(required) arg2 description

## Arg `<arg3>`

(required) arg3 long description

## Arg `<argrest>...`

(required) 

## Flag `--flag1`

flag1 description

## Flag `--flag2`

flag2 long description

## Flag `--flag3`

flag3 description
